#-----------------------------------------------------------
# Vivado v2020.2 (64-bit)
# SW Build 3064766 on Wed Nov 18 09:12:47 MST 2020
# IP Build 3064653 on Wed Nov 18 14:17:31 MST 2020
# Start of session at: Thu Feb 17 16:03:16 2022
# Process ID: 197453
# Current directory: /home/nm/finn-example-ip/vivado/finn_full_ip
# Command line: vivado finn_full_ip.xpr
# Log file: /home/nm/finn-example-ip/vivado/finn_full_ip/vivado.log
# Journal file: /home/nm/finn-example-ip/vivado/finn_full_ip/vivado.jou
#-----------------------------------------------------------
start_gui
open_project finn_full_ip.xpr
update_compile_order -fileset sources_1
open_bd_design {/home/nm/finn-example-ip/vivado/finn_full_ip/finn_full_ip.srcs/sources_1/bd/finn_stitched/finn_stitched.bd}
startgroup
delete_bd_objs [get_bd_intf_nets StreamingFCLayer_Batch_9_out_V] [get_bd_intf_nets in0_V_0_1]
delete_bd_objs [get_bd_nets ap_clk_0_1] [get_bd_nets ap_rst_n_0_1]
delete_bd_objs [get_bd_cells finn_ip]
delete_bd_objs [get_bd_ports ap_clk] [get_bd_ports ap_rst_n]
delete_bd_objs [get_bd_intf_ports m_axis_0] [get_bd_intf_ports s_axis_0]
endgroup
source /home/nm/FINN/hls_2020_2/finn/notebooks/end2end_example/cnv_w1a2_resize_regression_ressource/source_IPs/src_ips/import_finn_ip.tcl
set_property name s_axis [get_bd_intf_ports s_axis_0]
set_property name m_axis [get_bd_intf_ports m_axis_0]
save_bd_design
validate_bd_design
report_ip_status -name ip_status 
ipx::package_project -root_dir /home/nm/finn-example-ip/ip/finn_stitched_ip -vendor user.org -library user -taxonomy /UserIP -module finn_stitched -import_files
